// Jest Snapshot v1, https://goo.gl/fbAQLP

exports[`renders with a list of dummy docs 1`] = `
<div
  className="chakra-accordion css-1x97c6v"
>
  <div
    className="chakra-accordion__item css-16blszo"
  >
    <button
      aria-controls="accordion-panel-2"
      aria-expanded={false}
      className="chakra-accordion__button css-1ne4ibq"
      disabled={false}
      id="accordion-button-2"
      onClick={[Function]}
      onFocus={[Function]}
      onKeyDown={[Function]}
      type="button"
    >
      <h3
        className="chakra-heading css-0"
      >
        testTitle
      </h3>
      <span
        className="chakra-badge css-ifsvay"
      >
        13
      </span>
      <svg
        aria-hidden={true}
        className="chakra-icon chakra-accordion__icon css-8o5ky2"
        focusable={false}
        viewBox="0 0 24 24"
      >
        <path
          d="M16.59 8.59L12 13.17 7.41 8.59 6 10l6 6 6-6z"
          fill="currentColor"
        />
      </svg>
    </button>
    <div
      className="chakra-collapse"
      style={
        Object {
          "display": "none",
          "height": "0px",
          "opacity": 0,
          "overflow": "hidden",
        }
      }
    >
      <div
        aria-labelledby="accordion-button-2"
        className="chakra-accordion__panel css-0"
        id="accordion-panel-2"
        role="region"
      >
        <div
          className="chakra-stack css-1eitvxc"
        >
          <p
            className="chakra-text css-0"
          >
            <svg
              className="chakra-icon css-m17ft2"
              focusable={false}
              viewBox="0 0 24 24"
            >
              <path
                d="M12,0A12,12,0,1,0,24,12,12.014,12.014,0,0,0,12,0Zm6.927,8.2-6.845,9.289a1.011,1.011,0,0,1-1.43.188L5.764,13.769a1,1,0,1,1,1.25-1.562l4.076,3.261,6.227-8.451A1,1,0,1,1,18.927,8.2Z"
                fill="currentColor"
              />
            </svg>
             Aktiv
          </p>
          <div
            className="css-102lqhp"
          >
            <button
              className="chakra-button css-gwt898"
              type="button"
            >
              <a
                href="testUrl"
                rel="noreferrer"
                target="_blank"
              >
                Åpne som 
                pdfa2a
              </a>
            </button>
            <button
              className="chakra-button css-gwt898"
              type="button"
            >
              <a
                href="testUrl"
                rel="noreferrer"
                target="_blank"
              >
                Åpne som 
                fmx4
              </a>
            </button>
            <button
              className="chakra-button css-gwt898"
              type="button"
            >
              <a
                href="testUrl"
                rel="noreferrer"
                target="_blank"
              >
                Åpne som 
                xhtml
              </a>
            </button>
          </div>
          <div
            className="chakra-accordion__item css-1fsnuue"
          >
            <button
              aria-controls="accordion-panel-1"
              aria-expanded={false}
              className="chakra-accordion__button css-9179w8"
              disabled={false}
              id="accordion-button-1"
              onClick={[Function]}
              onFocus={[Function]}
              onKeyDown={[Function]}
              type="button"
            >
              Se relaterte mål
              <svg
                aria-hidden={true}
                className="chakra-icon chakra-accordion__icon css-8o5ky2"
                focusable={false}
                viewBox="0 0 24 24"
              >
                <path
                  d="M16.59 8.59L12 13.17 7.41 8.59 6 10l6 6 6-6z"
                  fill="currentColor"
                />
              </svg>
            </button>
            <div
              className="chakra-collapse"
              style={
                Object {
                  "display": "none",
                  "height": "0px",
                  "opacity": 0,
                  "overflow": "hidden",
                }
              }
            >
              <div
                aria-labelledby="accordion-button-1"
                className="chakra-accordion__panel css-0"
                id="accordion-panel-1"
                role="region"
              >
                <div
                  className="chakra-stack css-m203cn"
                />
              </div>
            </div>
          </div>
        </div>
      </div>
    </div>
  </div>
</div>
`;
